[debug] [2026-07-23T08:28:18.740Z] ----------------------------------------------------------------------
[debug] [2026-07-23T08:28:18.744Z] Command:       D:\node.exe C:\Users\USER\AppData\Roaming\npm\node_modules\firebase-tools\lib\bin\firebase.js init
[debug] [2026-07-23T08:28:18.745Z] CLI Version:   15.24.0
[debug] [2026-07-23T08:28:18.745Z] Platform:      win32
[debug] [2026-07-23T08:28:18.746Z] Node Version:  v22.14.0
[debug] [2026-07-23T08:28:18.746Z] Detected Agent: unknown
[debug] [2026-07-23T08:28:18.746Z] Time:          Thu Jul 23 2026 15:28:18 GMT+0700 (เวลาอินโดจีน)
[debug] [2026-07-23T08:28:18.746Z] ----------------------------------------------------------------------
[debug] 
[info] 
     ######## #### ########  ######## ########     ###     ######  ########
     ##        ##  ##     ## ##       ##     ##  ##   ##  ##       ##
     ######    ##  ########  ######   ########  #########  ######  ######
     ##        ##  ##    ##  ##       ##     ## ##     ##       ## ##
     ##       #### ##     ## ######## ########  ##     ##  ######  ########

You're about to initialize a Firebase project in this directory:

  C:\Users\USER\OneDrive\เดสก์ท็อป\work\NSC-webapp\clarity-app

[info] 
=== Project Setup
[info] 
[info] First, let's associate this project directory with a Firebase project.
[info] You can create multiple project aliases by running firebase use --add, 
[info] 
[debug] [2026-07-23T08:30:01.486Z] > command requires scopes: ["email","openid","https://www.googleapis.com/auth/cloudplatformprojects.readonly","https://www.googleapis.com/auth/firebase","https://www.googleapis.com/auth/cloud-platform"]
[debug] [2026-07-23T08:30:01.486Z] > authorizing via signed-in user (junior41025@gmail.com)
[debug] [2026-07-23T08:30:01.508Z] Checked if tokens are valid: true, expires at: 1784798862175
[debug] [2026-07-23T08:30:01.509Z] Checked if tokens are valid: true, expires at: 1784798862175
[debug] [2026-07-23T08:30:01.512Z] >>> [apiv2][query] GET https://firebase.googleapis.com/v1beta1/projects pageSize=100
[debug] [2026-07-23T08:30:03.038Z] <<< [apiv2][status] GET https://firebase.googleapis.com/v1beta1/projects 200
[debug] [2026-07-23T08:30:03.038Z] <<< [apiv2][body] GET https://firebase.googleapis.com/v1beta1/projects [omitted]
[info] 
=== Dataconnect Setup
[info] i  dataconnect: ensuring required API firebasedataconnect.googleapis.com is enabled... 
[debug] [2026-07-23T08:30:11.557Z] Checked if tokens are valid: true, expires at: 1784798862175
[debug] [2026-07-23T08:30:11.557Z] Checked if tokens are valid: true, expires at: 1784798862175
[info] i  dataconnect: ensuring required API sqladmin.googleapis.com is enabled... 
[debug] [2026-07-23T08:30:11.558Z] Checked if tokens are valid: true, expires at: 1784798862175
[debug] [2026-07-23T08:30:11.558Z] Checked if tokens are valid: true, expires at: 1784798862175
[debug] [2026-07-23T08:30:11.559Z] >>> [apiv2][query] GET https://serviceusage.googleapis.com/v1/projects/waterclarity-edd51/services/firebasedataconnect.googleapis.com [none]
[debug] [2026-07-23T08:30:11.559Z] >>> [apiv2][(partial)header] GET https://serviceusage.googleapis.com/v1/projects/waterclarity-edd51/services/firebasedataconnect.googleapis.com  x-goog-user-project=waterclarity-edd51
[debug] [2026-07-23T08:30:11.561Z] >>> [apiv2][query] GET https://serviceusage.googleapis.com/v1/projects/waterclarity-edd51/services/sqladmin.googleapis.com [none]
[debug] [2026-07-23T08:30:11.561Z] >>> [apiv2][(partial)header] GET https://serviceusage.googleapis.com/v1/projects/waterclarity-edd51/services/sqladmin.googleapis.com  x-goog-user-project=waterclarity-edd51
[debug] [2026-07-23T08:30:13.052Z] <<< [apiv2][status] GET https://serviceusage.googleapis.com/v1/projects/waterclarity-edd51/services/firebasedataconnect.googleapis.com 200
[debug] [2026-07-23T08:30:13.052Z] <<< [apiv2][body] GET https://serviceusage.googleapis.com/v1/projects/waterclarity-edd51/services/firebasedataconnect.googleapis.com [omitted]
[warn] !  dataconnect: missing required API firebasedataconnect.googleapis.com. Enabling now... 
[debug] [2026-07-23T08:30:13.054Z] Checked if tokens are valid: true, expires at: 1784798862175
[debug] [2026-07-23T08:30:13.054Z] Checked if tokens are valid: true, expires at: 1784798862175
[debug] [2026-07-23T08:30:13.054Z] >>> [apiv2][query] POST https://serviceusage.googleapis.com/v1/projects/waterclarity-edd51/services/firebasedataconnect.googleapis.com:enable [none]
[debug] [2026-07-23T08:30:13.054Z] >>> [apiv2][(partial)header] POST https://serviceusage.googleapis.com/v1/projects/waterclarity-edd51/services/firebasedataconnect.googleapis.com:enable  x-goog-user-project=waterclarity-edd51
[debug] [2026-07-23T08:30:13.109Z] <<< [apiv2][status] GET https://serviceusage.googleapis.com/v1/projects/waterclarity-edd51/services/sqladmin.googleapis.com 200
[debug] [2026-07-23T08:30:13.110Z] <<< [apiv2][body] GET https://serviceusage.googleapis.com/v1/projects/waterclarity-edd51/services/sqladmin.googleapis.com [omitted]
[warn] !  dataconnect: missing required API sqladmin.googleapis.com. Enabling now... 
[debug] [2026-07-23T08:30:13.110Z] Checked if tokens are valid: true, expires at: 1784798862175
[debug] [2026-07-23T08:30:13.111Z] Checked if tokens are valid: true, expires at: 1784798862175
[debug] [2026-07-23T08:30:13.111Z] >>> [apiv2][query] POST https://serviceusage.googleapis.com/v1/projects/waterclarity-edd51/services/sqladmin.googleapis.com:enable [none]
[debug] [2026-07-23T08:30:13.111Z] >>> [apiv2][(partial)header] POST https://serviceusage.googleapis.com/v1/projects/waterclarity-edd51/services/sqladmin.googleapis.com:enable  x-goog-user-project=waterclarity-edd51
[debug] [2026-07-23T08:30:14.559Z] <<< [apiv2][status] POST https://serviceusage.googleapis.com/v1/projects/waterclarity-edd51/services/firebasedataconnect.googleapis.com:enable 200
[debug] [2026-07-23T08:30:14.559Z] <<< [apiv2][body] POST https://serviceusage.googleapis.com/v1/projects/waterclarity-edd51/services/firebasedataconnect.googleapis.com:enable [omitted]
[debug] [2026-07-23T08:30:14.652Z] <<< [apiv2][status] POST https://serviceusage.googleapis.com/v1/projects/waterclarity-edd51/services/sqladmin.googleapis.com:enable 200
[debug] [2026-07-23T08:30:14.652Z] <<< [apiv2][body] POST https://serviceusage.googleapis.com/v1/projects/waterclarity-edd51/services/sqladmin.googleapis.com:enable [omitted]
